// Jest Snapshot v1, https://goo.gl/fbAQLP

exports[`renders Footer correctly 1`] = `
<footer
  className="footer"
>
  <div
    className="container"
  >
    <svg
      className="logo"
      id="icon-vmlogo"
      viewBox="0 0 51 32"
    >
      <path
        d="M15.726 6.299l5.030-6.269 30.659 0.023-25.653 31.875-25.652-31.875h8.976l16.676 20.722 10.978-13.64 1.762-2.118h-1.796l-10.944 13.527-4.46-5.554 6.461-7.974-2.018-0.001-5.56 6.838z"
      />
    </svg>
    Â©
     2021 All rights reserved | site by Vitalie Melnic
  </div>
</footer>
`;
